{"file":"/home/abhishek/go/src/Pando-Messaging-App-POC-backend/com.pando.messaging/database/db.go:21","func":"pandoMessagingWalletService/com.pando.messaging/database.DB","level":"info","msg":"Database connected successfully.","time":"2022-01-21T11:55:48+05:30"}
{"file":"/home/abhishek/go/src/Pando-Messaging-App-POC-backend/com.pando.messaging/controller/booking_controller.go:153","func":"pandoMessagingWalletService/com.pando.messaging/controller.(*BookingController).ViewTickets","level":"info","msg":"Request received from controller part of view ticket is map[concert_id:3 user_id:5]","time":"2022-01-21T11:55:51+05:30"}
{"file":"/home/abhishek/go/src/Pando-Messaging-App-POC-backend/com.pando.messaging/service/booking_service.go:42","func":"pandoMessagingWalletService/com.pando.messaging/service.(*bookingUsecase).ViewTickets","level":"info","msg":"Request received from service part of view token api.","time":"2022-01-21T11:55:51+05:30"}
{"file":"/home/abhishek/go/src/Pando-Messaging-App-POC-backend/com.pando.messaging/database/db.go:21","func":"pandoMessagingWalletService/com.pando.messaging/database.DB","level":"info","msg":"Database connected successfully.","time":"2022-01-21T11:56:26+05:30"}
{"file":"/home/abhishek/go/src/Pando-Messaging-App-POC-backend/com.pando.messaging/controller/booking_controller.go:153","func":"pandoMessagingWalletService/com.pando.messaging/controller.(*BookingController).ViewTickets","level":"info","msg":"Request received from controller part of view ticket is map[concert_id:3 user_id:5]","time":"2022-01-21T11:56:29+05:30"}
{"file":"/home/abhishek/go/src/Pando-Messaging-App-POC-backend/com.pando.messaging/service/booking_service.go:42","func":"pandoMessagingWalletService/com.pando.messaging/service.(*bookingUsecase).ViewTickets","level":"info","msg":"Request received from service part of view token api.","time":"2022-01-21T11:56:29+05:30"}
{"file":"/home/abhishek/go/src/Pando-Messaging-App-POC-backend/com.pando.messaging/repository/booking_repository.go:417","func":"pandoMessagingWalletService/com.pando.messaging/repository.(*bookingRepository).ViewTickets","level":"info","msg":"qwerty2022-01-20 18:24:06 +0530 IST [{AB12HG43J6  0  0 BOOKED Pacific/Pago_Pago                                                                                                                                                                                                                                              }]","time":"2022-01-21T11:56:29+05:30"}
{"file":"/home/abhishek/go/src/GolangTechTest/machine.test/database/db.go:21","func":"GolangTechTest/machine.test/database.DB","level":"info","msg":"Database connected successfully.","time":"2022-01-22T19:30:40+05:30"}
{"file":"/home/abhishek/go/src/GolangTechTest/machine.test/database/db.go:21","func":"GolangTechTest/machine.test/database.DB","level":"info","msg":"Database connected successfully.","time":"2022-01-22T19:31:47+05:30"}
{"file":"/home/abhishek/go/src/GolangTechTest/machine.test/database/db.go:21","func":"GolangTechTest/machine.test/database.DB","level":"info","msg":"Database connected successfully.","time":"2022-01-22T19:32:13+05:30"}
{"file":"/home/abhishek/go/src/GolangTechTest/machine.test/database/db.go:24","func":"GolangTechTest/machine.test/database.DB","level":"info","msg":"Database connected successfully.","time":"2022-01-22T19:47:27+05:30"}
{"file":"/home/abhishek/go/src/GolangTechTest/machine.test/controller/controller.go:38","func":"GolangTechTest/machine.test/controller.(*BankController).CreateBank","level":"info","msg":"Request from controller part of create bank is {{0 0001-01-01 00:00:00 +0000 UTC 0001-01-01 00:00:00 +0000 UTC {0001-01-01 00:00:00 +0000 UTC false}} BOB BARB0 JFW}","time":"2022-01-22T19:48:17+05:30"}
{"file":"/home/abhishek/go/src/GolangTechTest/machine.test/repository/repository.go:36","func":"GolangTechTest/machine.test/repository.(*bankRepository).CreateBank","level":"info","msg":"Bank created successfully. {{1 2022-01-22 19:48:17.189618093 +0530 IST 2022-01-22 19:48:17.189618093 +0530 IST {0001-01-01 00:00:00 +0000 UTC false}} BOB BARB0 JFW}","time":"2022-01-22T19:48:17+05:30"}
{"file":"/home/abhishek/go/src/GolangTechTest/machine.test/controller/controller.go:38","func":"GolangTechTest/machine.test/controller.(*BankController).CreateBank","level":"info","msg":"Request from controller part of create bank is {{0 0001-01-01 00:00:00 +0000 UTC 0001-01-01 00:00:00 +0000 UTC {0001-01-01 00:00:00 +0000 UTC false}} BOB BARB0 JFW}","time":"2022-01-22T19:48:46+05:30"}
{"error":null,"file":"/home/abhishek/go/src/GolangTechTest/machine.test/repository/repository.go:28","func":"GolangTechTest/machine.test/repository.(*bankRepository).CreateBank","level":"error","msg":"This bank name is already exist.","time":"2022-01-22T19:48:46+05:30"}
{"file":"/home/abhishek/go/src/GolangTechTest/machine.test/database/db.go:24","func":"GolangTechTest/machine.test/database.DB","level":"info","msg":"Database connected successfully.","time":"2022-01-22T20:03:37+05:30"}
{"file":"/home/abhishek/go/src/GolangTechTest/machine.test/controller/controller.go:96","func":"GolangTechTest/machine.test/controller.(*BankController).SearchBankByBranchName","level":"info","msg":"Request from controller part of search bank by username is map[branch_name:b]","time":"2022-01-22T20:03:50+05:30"}
{"error":"ERROR: syntax error at or near \"%\" (SQLSTATE 42601)","file":"/home/abhishek/go/src/GolangTechTest/machine.test/repository/repository.go:48","func":"GolangTechTest/machine.test/repository.(*bankRepository).SearchBankByBranchName","level":"error","msg":"Bank is not found.","time":"2022-01-22T20:03:50+05:30"}
{"file":"/home/abhishek/go/src/GolangTechTest/machine.test/controller/controller.go:96","func":"GolangTechTest/machine.test/controller.(*BankController).SearchBankByBranchName","level":"info","msg":"Request from controller part of search bank by username is map[branch_name:j]","time":"2022-01-22T20:04:12+05:30"}
{"error":"ERROR: syntax error at or near \"%\" (SQLSTATE 42601)","file":"/home/abhishek/go/src/GolangTechTest/machine.test/repository/repository.go:48","func":"GolangTechTest/machine.test/repository.(*bankRepository).SearchBankByBranchName","level":"error","msg":"Bank is not found.","time":"2022-01-22T20:04:12+05:30"}
{"file":"/home/abhishek/go/src/GolangTechTest/machine.test/controller/controller.go:96","func":"GolangTechTest/machine.test/controller.(*BankController).SearchBankByBranchName","level":"info","msg":"Request from controller part of search bank by username is map[branch_name:J]","time":"2022-01-22T20:04:32+05:30"}
{"error":"ERROR: syntax error at or near \"%\" (SQLSTATE 42601)","file":"/home/abhishek/go/src/GolangTechTest/machine.test/repository/repository.go:48","func":"GolangTechTest/machine.test/repository.(*bankRepository).SearchBankByBranchName","level":"error","msg":"Bank is not found.","time":"2022-01-22T20:04:32+05:30"}
{"file":"/home/abhishek/go/src/GolangTechTest/machine.test/database/db.go:24","func":"GolangTechTest/machine.test/database.DB","level":"info","msg":"Database connected successfully.","time":"2022-01-22T20:05:21+05:30"}
{"file":"/home/abhishek/go/src/GolangTechTest/machine.test/controller/controller.go:96","func":"GolangTechTest/machine.test/controller.(*BankController).SearchBankByBranchName","level":"info","msg":"Request from controller part of search bank by username is map[branch_name:j]","time":"2022-01-22T20:05:38+05:30"}
{"error":"expected 0 arguments, got 1","file":"/home/abhishek/go/src/GolangTechTest/machine.test/repository/repository.go:48","func":"GolangTechTest/machine.test/repository.(*bankRepository).SearchBankByBranchName","level":"error","msg":"Bank is not found.","time":"2022-01-22T20:05:38+05:30"}
{"file":"/home/abhishek/go/src/GolangTechTest/machine.test/database/db.go:24","func":"GolangTechTest/machine.test/database.DB","level":"info","msg":"Database connected successfully.","time":"2022-01-22T20:07:46+05:30"}
{"file":"/home/abhishek/go/src/GolangTechTest/machine.test/controller/controller.go:96","func":"GolangTechTest/machine.test/controller.(*BankController).SearchBankByBranchName","level":"info","msg":"Request from controller part of search bank by username is map[branch_name:j]","time":"2022-01-22T20:07:55+05:30"}
{"file":"/home/abhishek/go/src/GolangTechTest/machine.test/repository/repository.go:51","func":"GolangTechTest/machine.test/repository.(*bankRepository).SearchBankByBranchName","level":"info","msg":"Banks details found. [{{1 2022-01-22 19:48:17.189618 +0530 IST 2022-01-22 19:48:17.189618 +0530 IST {0001-01-01 00:00:00 +0000 UTC false}} BOB BARB0 JFW}]","time":"2022-01-22T20:07:55+05:30"}
{"file":"/home/abhishek/go/src/GolangTechTest/machine.test/database/db.go:24","func":"GolangTechTest/machine.test/database.DB","level":"info","msg":"Database connected successfully.","time":"2022-01-22T20:08:51+05:30"}
{"file":"/home/abhishek/go/src/GolangTechTest/machine.test/controller/controller.go:126","func":"GolangTechTest/machine.test/controller.(*BankController).SearchBankById","level":"info","msg":"Request from controller part of search bank by id is map[bank_id:3]","time":"2022-01-22T20:09:00+05:30"}
{"file":"/home/abhishek/go/src/GolangTechTest/machine.test/repository/repository.go:64","func":"GolangTechTest/machine.test/repository.(*bankRepository).SearchBankById","level":"info","msg":"Bank details found. {{0 0001-01-01 00:00:00 +0000 UTC 0001-01-01 00:00:00 +0000 UTC {0001-01-01 00:00:00 +0000 UTC false}}   }","time":"2022-01-22T20:09:00+05:30"}
{"file":"/home/abhishek/go/src/GolangTechTest/machine.test/controller/controller.go:126","func":"GolangTechTest/machine.test/controller.(*BankController).SearchBankById","level":"info","msg":"Request from controller part of search bank by id is map[bank_id:1]","time":"2022-01-22T20:09:13+05:30"}
{"file":"/home/abhishek/go/src/GolangTechTest/machine.test/repository/repository.go:64","func":"GolangTechTest/machine.test/repository.(*bankRepository).SearchBankById","level":"info","msg":"Bank details found. {{1 2022-01-22 19:48:17.189618 +0530 IST 2022-01-22 19:48:17.189618 +0530 IST {0001-01-01 00:00:00 +0000 UTC false}} BOB BARB0 JFW}","time":"2022-01-22T20:09:13+05:30"}
{"file":"/home/abhishek/go/src/GolangTechTest/machine.test/database/db.go:24","func":"GolangTechTest/machine.test/database.DB","level":"info","msg":"Database connected successfully.","time":"2022-01-22T20:09:53+05:30"}
{"file":"/home/abhishek/go/src/GolangTechTest/machine.test/controller/controller.go:126","func":"GolangTechTest/machine.test/controller.(*BankController).SearchBankById","level":"info","msg":"Request from controller part of search bank by id is map[bank_id:1]","time":"2022-01-22T20:10:01+05:30"}
{"file":"/home/abhishek/go/src/GolangTechTest/machine.test/repository/repository.go:64","func":"GolangTechTest/machine.test/repository.(*bankRepository).SearchBankById","level":"info","msg":"Bank details found. {{1 2022-01-22 19:48:17.189618 +0530 IST 2022-01-22 19:48:17.189618 +0530 IST {0001-01-01 00:00:00 +0000 UTC false}} BOB BARB0 JFW}","time":"2022-01-22T20:10:01+05:30"}
{"file":"/home/abhishek/go/src/GolangTechTest/machine.test/controller/controller.go:126","func":"GolangTechTest/machine.test/controller.(*BankController).SearchBankById","level":"info","msg":"Request from controller part of search bank by id is map[bank_id:11]","time":"2022-01-22T20:10:07+05:30"}
{"error":"record not found","file":"/home/abhishek/go/src/GolangTechTest/machine.test/repository/repository.go:61","func":"GolangTechTest/machine.test/repository.(*bankRepository).SearchBankById","level":"error","msg":"Bank details is not found.","time":"2022-01-22T20:10:07+05:30"}
{"file":"/home/abhishek/go/src/GolangTechTest/machine.test/database/db.go:24","func":"GolangTechTest/machine.test/database.DB","level":"info","msg":"Database connected successfully.","time":"2022-01-22T20:11:17+05:30"}
{"file":"/home/abhishek/go/src/GolangTechTest/machine.test/controller/controller.go:213","func":"GolangTechTest/machine.test/controller.(*BankController).UpdateBankDetails","level":"info","msg":"Request from controller part of update bank detail is {{2 0001-01-01 00:00:00 +0000 UTC 0001-01-01 00:00:00 +0000 UTC {0001-01-01 00:00:00 +0000 UTC false}} string string string}","time":"2022-01-22T20:11:30+05:30"}
{"file":"/home/abhishek/go/src/GolangTechTest/machine.test/repository/repository.go:88","func":"GolangTechTest/machine.test/repository.(*bankRepository).UpdateBankDetails","level":"info","msg":"Bank details is updated successfully.","time":"2022-01-22T20:11:30+05:30"}
{"file":"/home/abhishek/go/src/GolangTechTest/machine.test/database/db.go:24","func":"GolangTechTest/machine.test/database.DB","level":"info","msg":"Database connected successfully.","time":"2022-01-22T20:12:15+05:30"}
{"file":"/home/abhishek/go/src/GolangTechTest/machine.test/controller/controller.go:213","func":"GolangTechTest/machine.test/controller.(*BankController).UpdateBankDetails","level":"info","msg":"Request from controller part of update bank detail is {{1 0001-01-01 00:00:00 +0000 UTC 0001-01-01 00:00:00 +0000 UTC {0001-01-01 00:00:00 +0000 UTC false}} string string string}","time":"2022-01-22T20:12:47+05:30"}
{"file":"/home/abhishek/go/src/GolangTechTest/machine.test/repository/repository.go:88","func":"GolangTechTest/machine.test/repository.(*bankRepository).UpdateBankDetails","level":"info","msg":"Bank details is updated successfully.","time":"2022-01-22T20:12:47+05:30"}
{"file":"/home/abhishek/go/src/GolangTechTest/machine.test/controller/controller.go:213","func":"GolangTechTest/machine.test/controller.(*BankController).UpdateBankDetails","level":"info","msg":"Request from controller part of update bank detail is {{11 0001-01-01 00:00:00 +0000 UTC 0001-01-01 00:00:00 +0000 UTC {0001-01-01 00:00:00 +0000 UTC false}} string string string}","time":"2022-01-22T20:13:07+05:30"}
{"error":null,"file":"/home/abhishek/go/src/GolangTechTest/machine.test/repository/repository.go:85","func":"GolangTechTest/machine.test/repository.(*bankRepository).UpdateBankDetails","level":"error","msg":"Bank details is not updated.","time":"2022-01-22T20:13:07+05:30"}
{"file":"/home/abhishek/go/src/GolangTechTest/machine.test/controller/controller.go:265","func":"GolangTechTest/machine.test/controller.(*BankController).CreateAccountInBank","level":"info","msg":"Request from controller part of create account in bank is {{0 0001-01-01 00:00:00 +0000 UTC 0001-01-01 00:00:00 +0000 UTC {0001-01-01 00:00:00 +0000 UTC false}} string string string 12 string string string}","time":"2022-01-22T20:13:54+05:30"}
{"file":"/home/abhishek/go/src/GolangTechTest/machine.test/repository/repository.go:104","func":"GolangTechTest/machine.test/repository.(*bankRepository).CreateAccountInBank","level":"info","msg":"Account created successfully. {{1 2022-01-22 20:13:54.31388526 +0530 IST 2022-01-22 20:13:54.31388526 +0530 IST {0001-01-01 00:00:00 +0000 UTC false}} string string string 12 string string string}","time":"2022-01-22T20:13:54+05:30"}
{"file":"/home/abhishek/go/src/GolangTechTest/machine.test/controller/controller.go:295","func":"GolangTechTest/machine.test/controller.(*BankController).GetAccountById","level":"info","msg":"Request from controller part of get account by id is map[account_id:1]","time":"2022-01-22T20:14:15+05:30"}
{"file":"/home/abhishek/go/src/GolangTechTest/machine.test/repository/repository.go:116","func":"GolangTechTest/machine.test/repository.(*bankRepository).GetAccountById","level":"info","msg":"Account details found. {{1 2022-01-22 20:13:54.313885 +0530 IST 2022-01-22 20:13:54.313885 +0530 IST {0001-01-01 00:00:00 +0000 UTC false}} string string string 12 string string string}","time":"2022-01-22T20:14:15+05:30"}
{"file":"/home/abhishek/go/src/GolangTechTest/machine.test/controller/controller.go:295","func":"GolangTechTest/machine.test/controller.(*BankController).GetAccountById","level":"info","msg":"Request from controller part of get account by id is map[account_id:11]","time":"2022-01-22T20:14:24+05:30"}
{"file":"/home/abhishek/go/src/GolangTechTest/machine.test/repository/repository.go:116","func":"GolangTechTest/machine.test/repository.(*bankRepository).GetAccountById","level":"info","msg":"Account details found. {{0 0001-01-01 00:00:00 +0000 UTC 0001-01-01 00:00:00 +0000 UTC {0001-01-01 00:00:00 +0000 UTC false}}    0   }","time":"2022-01-22T20:14:24+05:30"}
{"file":"/home/abhishek/go/src/AccubitsMachineTest/accubits.machine.test/database/db.go:22","func":"AccubitsMachineTest/accubits.machine.test/database.DB","level":"info","msg":"Database connected successfully.","time":"2022-01-23T20:59:30+05:30"}
{"file":"/home/abhishek/go/src/AccubitsMachineTest/accubits.machine.test/database/db.go:22","func":"AccubitsMachineTest/accubits.machine.test/database.DB","level":"info","msg":"Database connected successfully.","time":"2022-01-23T21:04:01+05:30"}
{"file":"/home/abhishek/go/src/AccubitsMachineTest/accubits.machine.test/database/db.go:22","func":"AccubitsMachineTest/accubits.machine.test/database.DB","level":"info","msg":"Database connected successfully.","time":"2022-01-23T21:04:39+05:30"}
{"file":"/home/abhishek/go/src/AccubitsMachineTest/accubits.machine.test/database/db.go:22","func":"AccubitsMachineTest/accubits.machine.test/database.DB","level":"info","msg":"Database connected successfully.","time":"2022-01-23T21:05:33+05:30"}
{"file":"/home/abhishek/go/src/AccubitsMachineTest/accubits.machine.test/controller/controller.go:33","func":"AccubitsMachineTest/accubits.machine.test/controller.(*TestController).SaveData","level":"error","msg":"Query is missing.","time":"2022-01-23T21:05:58+05:30"}
{"file":"/home/abhishek/go/src/AccubitsMachineTest/accubits.machine.test/database/db.go:22","func":"AccubitsMachineTest/accubits.machine.test/database.DB","level":"info","msg":"Database connected successfully.","time":"2022-01-23T21:06:58+05:30"}
{"file":"/home/abhishek/go/src/AccubitsMachineTest/accubits.machine.test/controller/controller.go:33","func":"AccubitsMachineTest/accubits.machine.test/controller.(*TestController).SaveData","level":"error","msg":"Query is missing.","time":"2022-01-23T21:07:30+05:30"}
{"file":"/home/abhishek/go/src/AccubitsMachineTest/accubits.machine.test/database/db.go:22","func":"AccubitsMachineTest/accubits.machine.test/database.DB","level":"info","msg":"Database connected successfully.","time":"2022-01-23T21:08:04+05:30"}
{"file":"/home/abhishek/go/src/AccubitsMachineTest/accubits.machine.test/controller/controller.go:40","func":"AccubitsMachineTest/accubits.machine.test/controller.(*TestController).SaveData","level":"info","msg":"Request from controller part of save data is {programming 0}","time":"2022-01-23T21:08:20+05:30"}
{"file":"/home/abhishek/go/src/AccubitsMachineTest/accubits.machine.test/service/service.go:26","func":"AccubitsMachineTest/accubits.machine.test/service.(*testUsecase).SaveData","level":"info","msg":"Request received from save data service part.","time":"2022-01-23T21:08:20+05:30"}
{"file":"/home/abhishek/go/src/AccubitsMachineTest/accubits.machine.test/repository/repository.go:30","func":"AccubitsMachineTest/accubits.machine.test/repository.(*testRepository).SaveData","level":"info","msg":"Enter in to save call logs repository part.","time":"2022-01-23T21:08:20+05:30"}
{"file":"/home/abhishek/go/src/AccubitsMachineTest/accubits.machine.test/database/db.go:22","func":"AccubitsMachineTest/accubits.machine.test/database.DB","level":"info","msg":"Database connected successfully.","time":"2022-01-23T21:10:01+05:30"}
{"file":"/home/abhishek/go/src/AccubitsMachineTest/accubits.machine.test/controller/controller.go:40","func":"AccubitsMachineTest/accubits.machine.test/controller.(*TestController).SaveData","level":"info","msg":"Request from controller part of save data is {programming 0}","time":"2022-01-23T21:10:25+05:30"}
{"file":"/home/abhishek/go/src/AccubitsMachineTest/accubits.machine.test/service/service.go:26","func":"AccubitsMachineTest/accubits.machine.test/service.(*testUsecase).SaveData","level":"info","msg":"Request received from save data service part.","time":"2022-01-23T21:10:25+05:30"}
{"file":"/home/abhishek/go/src/AccubitsMachineTest/accubits.machine.test/repository/repository.go:30","func":"AccubitsMachineTest/accubits.machine.test/repository.(*testRepository).SaveData","level":"info","msg":"Enter in to save call logs repository part.","time":"2022-01-23T21:10:25+05:30"}
{"file":"/home/abhishek/go/src/AccubitsMachineTest/accubits.machine.test/database/db.go:22","func":"AccubitsMachineTest/accubits.machine.test/database.DB","level":"info","msg":"Database connected successfully.","time":"2022-01-23T21:13:52+05:30"}
{"file":"/home/abhishek/go/src/AccubitsMachineTest/accubits.machine.test/controller/controller.go:33","func":"AccubitsMachineTest/accubits.machine.test/controller.(*TestController).SaveData","level":"error","msg":"Query or page no. is missing.","time":"2022-01-23T21:14:09+05:30"}
{"file":"/home/abhishek/go/src/AccubitsMachineTest/accubits.machine.test/controller/controller.go:40","func":"AccubitsMachineTest/accubits.machine.test/controller.(*TestController).SaveData","level":"info","msg":"Request from controller part of save data is {programming 1}","time":"2022-01-23T21:14:20+05:30"}
{"file":"/home/abhishek/go/src/AccubitsMachineTest/accubits.machine.test/service/service.go:26","func":"AccubitsMachineTest/accubits.machine.test/service.(*testUsecase).SaveData","level":"info","msg":"Request received from save data service part.","time":"2022-01-23T21:14:20+05:30"}
{"file":"/home/abhishek/go/src/AccubitsMachineTest/accubits.machine.test/repository/repository.go:30","func":"AccubitsMachineTest/accubits.machine.test/repository.(*testRepository).SaveData","level":"info","msg":"Enter in to save call logs repository part.","time":"2022-01-23T21:14:20+05:30"}
{"file":"/home/abhishek/go/src/AccubitsMachineTest/accubits.machine.test/database/db.go:22","func":"AccubitsMachineTest/accubits.machine.test/database.DB","level":"info","msg":"Database connected successfully.","time":"2022-01-23T21:16:44+05:30"}
{"file":"/home/abhishek/go/src/AccubitsMachineTest/accubits.machine.test/controller/controller.go:40","func":"AccubitsMachineTest/accubits.machine.test/controller.(*TestController).SaveData","level":"info","msg":"Request from controller part of save data is {programming 1}","time":"2022-01-23T21:17:05+05:30"}
{"file":"/home/abhishek/go/src/AccubitsMachineTest/accubits.machine.test/service/service.go:26","func":"AccubitsMachineTest/accubits.machine.test/service.(*testUsecase).SaveData","level":"info","msg":"Request received from save data service part.","time":"2022-01-23T21:17:05+05:30"}
{"file":"/home/abhishek/go/src/AccubitsMachineTest/accubits.machine.test/repository/repository.go:28","func":"AccubitsMachineTest/accubits.machine.test/repository.(*testRepository).SaveData","level":"info","msg":"Enter in to save call logs repository part.","time":"2022-01-23T21:17:05+05:30"}
{"file":"/home/abhishek/go/src/AccubitsMachineTest/accubits.machine.test/database/db.go:22","func":"AccubitsMachineTest/accubits.machine.test/database.DB","level":"info","msg":"Database connected successfully.","time":"2022-01-23T21:18:35+05:30"}
{"file":"/home/abhishek/go/src/AccubitsMachineTest/accubits.machine.test/controller/controller.go:72","func":"AccubitsMachineTest/accubits.machine.test/controller.(*TestController).FetchData","level":"info","msg":"Request from controller part of fetch data is map[query:p]","time":"2022-01-23T21:18:58+05:30"}
{"file":"/home/abhishek/go/src/AccubitsMachineTest/accubits.machine.test/service/service.go:32","func":"AccubitsMachineTest/accubits.machine.test/service.(*testUsecase).FetchData","level":"info","msg":"Request received from fetch data service part.","time":"2022-01-23T21:18:58+05:30"}
{"error":"ERROR: syntax error at or near \"or\" (SQLSTATE 42601)","file":"/home/abhishek/go/src/AccubitsMachineTest/accubits.machine.test/repository/repository.go:63","func":"AccubitsMachineTest/accubits.machine.test/repository.(*testRepository).FetchData","level":"error","msg":"Data not found.","time":"2022-01-23T21:18:58+05:30"}
{"file":"/home/abhishek/go/src/AccubitsMachineTest/accubits.machine.test/database/db.go:22","func":"AccubitsMachineTest/accubits.machine.test/database.DB","level":"info","msg":"Database connected successfully.","time":"2022-01-23T21:20:01+05:30"}
{"file":"/home/abhishek/go/src/AccubitsMachineTest/accubits.machine.test/controller/controller.go:72","func":"AccubitsMachineTest/accubits.machine.test/controller.(*TestController).FetchData","level":"info","msg":"Request from controller part of fetch data is map[query:p]","time":"2022-01-23T21:20:10+05:30"}
{"file":"/home/abhishek/go/src/AccubitsMachineTest/accubits.machine.test/service/service.go:32","func":"AccubitsMachineTest/accubits.machine.test/service.(*testUsecase).FetchData","level":"info","msg":"Request received from fetch data service part.","time":"2022-01-23T21:20:10+05:30"}
{"file":"/home/abhishek/go/src/AccubitsMachineTest/accubits.machine.test/repository/repository.go:66","func":"AccubitsMachineTest/accubits.machine.test/repository.(*testRepository).FetchData","level":"info","msg":"Data found. ","time":"2022-01-23T21:20:10+05:30"}
{"file":"/home/abhishek/go/src/AccubitsMachineTest/accubits.machine.test/database/db.go:22","func":"AccubitsMachineTest/accubits.machine.test/database.DB","level":"info","msg":"Database connected successfully.","time":"2022-01-23T21:21:30+05:30"}
{"file":"/home/abhishek/go/src/AccubitsMachineTest/accubits.machine.test/controller/controller.go:72","func":"AccubitsMachineTest/accubits.machine.test/controller.(*TestController).FetchData","level":"info","msg":"Request from controller part of fetch data is map[query:p]","time":"2022-01-23T21:21:37+05:30"}
{"file":"/home/abhishek/go/src/AccubitsMachineTest/accubits.machine.test/service/service.go:32","func":"AccubitsMachineTest/accubits.machine.test/service.(*testUsecase).FetchData","level":"info","msg":"Request received from fetch data service part.","time":"2022-01-23T21:21:37+05:30"}
{"file":"/home/abhishek/go/src/AccubitsMachineTest/accubits.machine.test/repository/repository.go:66","func":"AccubitsMachineTest/accubits.machine.test/repository.(*testRepository).FetchData","level":"info","msg":"Data found. ","time":"2022-01-23T21:21:37+05:30"}
{"file":"/home/abhishek/go/src/AccubitsMachineTest/accubits.machine.test/database/db.go:22","func":"AccubitsMachineTest/accubits.machine.test/database.DB","level":"info","msg":"Database connected successfully.","time":"2022-01-23T21:24:58+05:30"}
